
  .   ____          _            __ _ _
 /\\ / ___'_ __ _ _(_)_ __  __ _ \ \ \ \
( ( )\___ | '_ | '_| | '_ \/ _` | \ \ \ \
 \\/  ___)| |_)| | | | | || (_| |  ) ) ) )
  '  |____| .__|_| |_|_| |_\__, | / / / /
 =========|_|==============|___/=/_/_/_/

 :: Spring Boot ::                (v4.0.6)

2026-05-13T21:08:31.466+05:30  INFO 6156 --- [cityledger] [           main] c.c.cityledger.CityledgerApplication     : Starting CityledgerApplication v0.0.1-SNAPSHOT using Java 22.0.2 with PID 6156 (C:\Users\Ashley\OneDrive\Documents\CivicLedger\cityledger\target\cityledger-0.0.1-SNAPSHOT.jar started by Ashley in C:\Users\Ashley\OneDrive\Documents\CivicLedger\cityledger)
2026-05-13T21:08:31.471+05:30  INFO 6156 --- [cityledger] [           main] c.c.cityledger.CityledgerApplication     : No active profile set, falling back to 1 default profile: "default"
2026-05-13T21:08:33.445+05:30  INFO 6156 --- [cityledger] [           main] .s.d.r.c.RepositoryConfigurationDelegate : Bootstrapping Spring Data JPA repositories in DEFAULT mode.
2026-05-13T21:08:33.565+05:30  INFO 6156 --- [cityledger] [           main] .s.d.r.c.RepositoryConfigurationDelegate : Finished Spring Data repository scanning in 104 ms. Found 4 JPA repository interfaces.
2026-05-13T21:08:34.913+05:30  INFO 6156 --- [cityledger] [           main] o.s.boot.tomcat.TomcatWebServer          : Tomcat initialized with port 8081 (http)
2026-05-13T21:08:34.934+05:30  INFO 6156 --- [cityledger] [           main] o.apache.catalina.core.StandardService   : Starting service [Tomcat]
2026-05-13T21:08:34.935+05:30  INFO 6156 --- [cityledger] [           main] o.apache.catalina.core.StandardEngine    : Starting Servlet engine: [Apache Tomcat/11.0.21]
2026-05-13T21:08:34.990+05:30  INFO 6156 --- [cityledger] [           main] b.w.c.s.WebApplicationContextInitializer : Root WebApplicationContext: initialization completed in 3373 ms
2026-05-13T21:08:35.408+05:30  INFO 6156 --- [cityledger] [           main] org.hibernate.orm.jpa                    : HHH008540: Processing PersistenceUnitInfo [name: default]
2026-05-13T21:08:35.510+05:30  INFO 6156 --- [cityledger] [           main] org.hibernate.orm.core                   : HHH000001: Hibernate ORM core version 7.2.12.Final
2026-05-13T21:08:36.363+05:30  INFO 6156 --- [cityledger] [           main] o.s.o.j.p.SpringPersistenceUnitInfo      : No LoadTimeWeaver setup: ignoring JPA class transformer
2026-05-13T21:08:36.402+05:30  INFO 6156 --- [cityledger] [           main] com.zaxxer.hikari.HikariDataSource       : HikariPool-1 - Starting...
2026-05-13T21:08:40.715+05:30  INFO 6156 --- [cityledger] [           main] com.zaxxer.hikari.pool.HikariPool        : HikariPool-1 - Added connection org.postgresql.jdbc.PgConnection@b90c5a5
2026-05-13T21:08:40.716+05:30  INFO 6156 --- [cityledger] [           main] com.zaxxer.hikari.HikariDataSource       : HikariPool-1 - Start completed.
2026-05-13T21:08:41.030+05:30  WARN 6156 --- [cityledger] [           main] org.hibernate.orm.deprecation            : HHH90000025: PostgreSQLDialect does not need to be specified explicitly using 'hibernate.dialect' (remove the property setting and it will be selected by default)
2026-05-13T21:08:42.252+05:30  INFO 6156 --- [cityledger] [           main] org.hibernate.orm.connections.pooling    : HHH10001005: Database info:
	Database JDBC URL [jdbc:postgresql://ep-rough-cake-ai5pz2dd-pooler.c-4.us-east-1.aws.neon.tech/neondb?sslmode=require]
	Database driver: PostgreSQL JDBC Driver
	Database dialect: PostgreSQLDialect
	Database version: 17.8
	Default catalog/schema: neondb/public
	Autocommit mode: undefined/unknown
	Isolation level: READ_COMMITTED [default READ_COMMITTED]
	JDBC fetch size: none
	Pool: DataSourceConnectionProvider
	Minimum pool size: undefined/unknown
	Maximum pool size: undefined/unknown
2026-05-13T21:08:43.733+05:30  INFO 6156 --- [cityledger] [           main] org.hibernate.orm.core                   : HHH000489: No JTA platform available (set 'hibernate.transaction.jta.platform' to enable JTA platform integration)
2026-05-13T21:08:47.055+05:30  INFO 6156 --- [cityledger] [           main] j.LocalContainerEntityManagerFactoryBean : Initialized JPA EntityManagerFactory for persistence unit 'default'
2026-05-13T21:08:47.236+05:30  INFO 6156 --- [cityledger] [           main] o.s.d.j.r.query.QueryEnhancerFactories   : Hibernate is in classpath; If applicable, HQL parser will be used.
2026-05-13T21:08:49.272+05:30  INFO 6156 --- [cityledger] [           main] c.c.c.service.BlockchainService          : BlockchainService initialized. Wallet: 0x583376a6d6cb49cbd7b43b9cceb484c175257edf
2026-05-13T21:08:49.924+05:30  WARN 6156 --- [cityledger] [           main] JpaBaseConfiguration$JpaWebConfiguration : spring.jpa.open-in-view is enabled by default. Therefore, database queries may be performed during view rendering. Explicitly configure spring.jpa.open-in-view to disable this warning
2026-05-13T21:08:50.076+05:30  INFO 6156 --- [cityledger] [           main] r$InitializeUserDetailsManagerConfigurer : Global AuthenticationManager configured with UserDetailsService bean with name customUserDetailsService
2026-05-13T21:08:50.542+05:30  INFO 6156 --- [cityledger] [           main] o.s.b.w.a.WelcomePageHandlerMapping      : Adding welcome page template: index
2026-05-13T21:08:51.481+05:30  INFO 6156 --- [cityledger] [           main] o.s.boot.tomcat.TomcatWebServer          : Tomcat started on port 8081 (http) with context path '/'
2026-05-13T21:08:51.493+05:30  INFO 6156 --- [cityledger] [           main] c.c.cityledger.CityledgerApplication     : Started CityledgerApplication in 20.982 seconds (process running for 22.137)
2026-05-13T21:08:51.501+05:30  INFO 6156 --- [cityledger] [           main] c.cityledger.cityledger.DatabaseFixer    : Removing old app_users_role_check constraint to allow the new ADMIN role...
2026-05-13T21:08:52.035+05:30  INFO 6156 --- [cityledger] [           main] c.cityledger.cityledger.DatabaseFixer    : Successfully dropped the check constraint! You can now log in as ADMIN.
2026-05-13T21:33:56.864+05:30  WARN 6156 --- [cityledger] [l-1:housekeeper] com.zaxxer.hikari.pool.PoolBase          : HikariPool-1 - Failed to validate connection org.postgresql.jdbc.PgConnection@72725c5c (This connection has been closed.). Possibly consider using a shorter maxLifetime value.
